<134>1 2026-04-07T19:44:50.140680+00:00 decky-01 ssh - login_attempt [decnet@55555 src_ip="192.168.1.100"] Auth failed
